\BOOKMARK [0][]{sysuchapter.1.0}{\376\377\000C\000o\000v\000e\000r}{}% 1
\BOOKMARK [0][]{sysuchapter.2.0}{\376\377\144\130\211\201}{}% 2
\BOOKMARK [0][]{sysuchapter.3.0}{\376\377\000A\000B\000S\000T\000R\000A\000C\000T}{}% 3
\BOOKMARK [0][]{sysuchapter.4.0}{\376\377\166\356\000\040\137\125}{}% 4
\BOOKMARK [0][]{chapter.1}{\376\377\0001\000\040\176\352\213\272}{}% 5
\BOOKMARK [1][-]{section.1.1}{\376\377\0001\000.\0001\000\040\116\373\122\241\200\314\146\157}{chapter.1}% 6
\BOOKMARK [1][-]{section.1.2}{\376\377\0001\000.\0002\000\040\225\356\230\230\133\232\116\111}{chapter.1}% 7
\BOOKMARK [1][-]{section.1.3}{\376\377\0001\000.\0003\000\040\137\000\230\230\166\356\150\007\116\016\133\214\142\020\151\202\211\310}{chapter.1}% 8
\BOOKMARK [1][-]{section.1.4}{\376\377\0001\000.\0004\000\040\174\373\176\337\215\041\163\056}{chapter.1}% 9
\BOOKMARK [1][-]{section.1.5}{\376\377\0001\000.\0005\000\040\142\245\124\112\176\323\147\204}{chapter.1}% 10
\BOOKMARK [0][]{chapter.2}{\376\377\0002\000\040\166\370\121\163\142\200\147\057\116\016\122\237\200\375\133\371\136\224}{}% 11
\BOOKMARK [1][-]{section.2.1}{\376\377\0002\000.\0001\000\040\176\304\116\366\122\237\200\375\151\202\211\310}{chapter.2}% 12
\BOOKMARK [1][-]{section.2.2}{\376\377\0002\000.\0002\000\040\000E\000m\000b\000e\000d\000d\000i\000n\000g\000\040\116\016\000\040\000F\000u\000s\000i\000o\000n}{chapter.2}% 13
\BOOKMARK [1][-]{section.2.3}{\376\377\0002\000.\0003\000\040\124\021\221\317\150\300\175\042\116\016\000\040\000R\000e\000r\000a\000n\000k\000e\000r}{chapter.2}% 14
\BOOKMARK [1][-]{section.2.4}{\376\377\0002\000.\0004\000\040\000G\000R\000P\000O\000\040\116\016\201\352\122\250\215\357\165\061}{chapter.2}% 15
\BOOKMARK [1][-]{section.2.5}{\376\377\0002\000.\0005\000\040\000V\000L\000M\000\040\131\032\152\041\140\001\165\037\142\020}{chapter.2}% 16
\BOOKMARK [1][-]{section.2.6}{\376\377\0002\000.\0006\000\040\000P\000D\000F\000\040\232\330\116\256\116\016\123\357\211\343\221\312\156\257\156\220}{chapter.2}% 17
\BOOKMARK [1][-]{section.2.7}{\376\377\0002\000.\0007\000\040\134\017\176\323}{chapter.2}% 18
\BOOKMARK [0][]{chapter.3}{\376\377\0003\000\040\145\271\154\325\116\016\174\373\176\337\133\236\163\260}{}% 19
\BOOKMARK [1][-]{section.3.1}{\376\377\0003\000.\0001\000\040\140\073\117\123\147\266\147\204}{chapter.3}% 20
\BOOKMARK [1][-]{section.3.2}{\376\377\0003\000.\0002\000\040\145\207\150\143\211\343\147\220\133\236\163\260}{chapter.3}% 21
\BOOKMARK [1][-]{section.3.3}{\376\377\0003\000.\0003\000\040\000E\000m\000b\000e\000d\000d\000i\000n\000g\000\040\116\016\000\040\000F\000u\000s\000i\000o\000n\000\040\133\236\163\260}{chapter.3}% 22
\BOOKMARK [1][-]{section.3.4}{\376\377\0003\000.\0004\000\040\124\021\221\317\150\300\175\042\116\016\000\040\000R\000e\000r\000a\000n\000k\000e\000r\000\040\133\236\163\260}{chapter.3}% 23
\BOOKMARK [1][-]{section.3.5}{\376\377\0003\000.\0005\000\040\215\357\165\061\121\263\173\126\133\236\163\260}{chapter.3}% 24
\BOOKMARK [1][-]{section.3.6}{\376\377\0003\000.\0006\000\040\000V\000L\000M\000\040\116\016\134\100\220\350\211\306\211\311\123\072\127\337\133\236\163\260}{chapter.3}% 25
\BOOKMARK [1][-]{section.3.7}{\376\377\0003\000.\0007\000\040\000F\000a\000s\000t\000A\000P\000I\000\040\147\015\122\241\134\102\133\236\163\260}{chapter.3}% 26
\BOOKMARK [1][-]{section.3.8}{\376\377\0003\000.\0008\000\040\122\115\172\357\000\040\000P\000D\000F\000\040\230\204\211\310\116\016\232\330\116\256\133\236\163\260}{chapter.3}% 27
\BOOKMARK [1][-]{section.3.9}{\376\377\0003\000.\0009\000\040\116\343\170\001\176\323\147\204}{chapter.3}% 28
\BOOKMARK [0][]{chapter.4}{\376\377\0004\000\040\133\236\232\214\213\276\213\241}{}% 29
\BOOKMARK [1][-]{section.4.1}{\376\377\0004\000.\0001\000\040\116\016\137\000\230\230\213\304\155\113\213\276\213\241\166\204\133\371\136\224}{chapter.4}% 30
\BOOKMARK [1][-]{section.4.2}{\376\377\0004\000.\0002\000\040\145\160\143\156\226\306}{chapter.4}% 31
\BOOKMARK [1][-]{section.4.3}{\376\377\0004\000.\0003\000\040\133\371\153\324\145\271\154\325}{chapter.4}% 32
\BOOKMARK [1][-]{section.4.4}{\376\377\0004\000.\0004\000\040\213\304\155\113\143\007\150\007}{chapter.4}% 33
\BOOKMARK [1][-]{section.4.5}{\376\377\0004\000.\0005\000\040\217\320\210\114\163\257\130\203}{chapter.4}% 34
\BOOKMARK [1][-]{section.4.6}{\376\377\0004\000.\0006\000\040\133\236\232\214\155\101\172\013}{chapter.4}% 35
\BOOKMARK [0][]{chapter.5}{\376\377\0005\000\040\133\236\232\214\176\323\147\234\116\016\122\006\147\220}{}% 36
\BOOKMARK [1][-]{section.5.1}{\376\377\0005\000.\0001\000\040\140\073\117\123\176\323\147\234}{chapter.5}% 37
\BOOKMARK [1][-]{section.5.2}{\376\377\0005\000.\0002\000\040\131\032\152\041\140\001\117\341\140\157\166\204\117\134\165\050}{chapter.5}% 38
\BOOKMARK [1][-]{section.5.3}{\376\377\0005\000.\0003\000\040\135\362\232\214\213\301\117\356\131\015\160\271}{chapter.5}% 39
\BOOKMARK [1][-]{section.5.4}{\376\377\0005\000.\0004\000\040\121\170\127\213\150\110\117\213\122\006\147\220}{chapter.5}% 40
\BOOKMARK [1][-]{section.5.5}{\376\377\0005\000.\0005\000\040\122\151\117\131\225\031\213\357\122\006\147\220}{chapter.5}% 41
\BOOKMARK [1][-]{section.5.6}{\376\377\0005\000.\0006\000\040\145\110\163\207\122\006\147\220}{chapter.5}% 42
\BOOKMARK [1][-]{section.5.7}{\376\377\0005\000.\0007\000\040\176\323\147\234\134\017\176\323}{chapter.5}% 43
\BOOKMARK [0][]{chapter.6}{\376\377\0006\000\040\140\073\176\323\060\001\123\315\140\035\116\016\134\125\147\033}{}% 44
\BOOKMARK [1][-]{section.6.1}{\376\377\0006\000.\0001\000\040\137\000\230\230\166\356\150\007\133\214\142\020\140\305\121\265}{chapter.6}% 45
\BOOKMARK [1][-]{section.6.2}{\376\377\0006\000.\0002\000\040\230\171\166\356\214\003\145\164\116\016\123\315\140\035}{chapter.6}% 46
\BOOKMARK [1][-]{section.6.3}{\376\377\0006\000.\0003\000\040\174\373\176\337\134\100\226\120}{chapter.6}% 47
\BOOKMARK [1][-]{section.6.4}{\376\377\0006\000.\0004\000\040\000A\000G\000I\000\040\211\306\211\322\116\013\166\204\157\134\122\233\116\016\164\366\230\210}{chapter.6}% 48
\BOOKMARK [1][-]{section.6.5}{\376\377\0006\000.\0005\000\040\147\052\147\145\135\345\117\134}{chapter.6}% 49
\BOOKMARK [1][-]{section.6.6}{\376\377\0006\000.\0006\000\040\176\323\213\272}{chapter.6}% 50
\BOOKMARK [0][]{chapter*.13}{\376\377\123\302\200\003\145\207\163\056}{}% 51
\BOOKMARK [0][]{appendix.A}{\376\377\226\104\137\125\000\040\000A\000\040\226\104\137\125\377\032\217\320\210\114\116\016\232\214\145\066\213\364\146\016}{}% 52
\BOOKMARK [1][-]{section.A.1}{\376\377\000A\000.\0001\000\040\124\016\172\357\124\057\122\250}{appendix.A}% 53
\BOOKMARK [1][-]{section.A.2}{\376\377\000A\000.\0002\000\040\122\115\172\357\124\057\122\250}{appendix.A}% 54
\BOOKMARK [1][-]{section.A.3}{\376\377\000A\000.\0003\000\040\213\304\155\113\124\175\116\344}{appendix.A}% 55
\BOOKMARK [1][-]{section.A.4}{\376\377\000A\000.\0004\000\040\143\320\116\244\162\151}{appendix.A}% 56
